// Vitest Snapshot v1, https://vitest.dev/guide/snapshot.html

exports[`CartItem component > Render CartItem 1`] = `
<div>
  <div
    class="_item_61ad6d"
  >
    <div
      class="_itemImg_61ad6d"
    >
      <img
        alt=""
        src="https://fakestoreapi.com/img/61IBBVJvSDL._AC_SY879_.jpg"
      />
    </div>
    <div
      class="_itemContent_61ad6d"
    >
      <div
        class="_itemTitle_61ad6d"
      >
        Nice item
      </div>
      <div
        class="itemPrice"
      >
        Unit price: 
        64
        €
      </div>
      <div
        class="_itemQty_61ad6d"
      >
        Quantity:
         
        <button
          class="_qtyBtn_61ad6d"
        >
          -
        </button>
         
        <div>
          2
        </div>
         
        <button
          class="_qtyBtn_61ad6d"
        >
          +
        </button>
      </div>
      <div
        class="itemTotal"
      >
        Total price: 
        128
        €
      </div>
      <button
        class="_removeBtn_61ad6d"
      >
        ✕ Remove from cart
      </button>
    </div>
  </div>
</div>
`;
